components/Editor.tsx(124,84): error TS2559: Type 'false' has no properties in common with type 'SetContentOptions'.
components/Editor.tsx(292,49): error TS2559: Type 'true' has no properties in common with type 'SetContentOptions'.
